// Jest Snapshot v1, https://goo.gl/fbAQLP

exports[`Snapshots renders App component correctly 1`] = `
<form
  onSubmit={[Function]}
>
  <h2
    className="label-wrapper"
  >
    <label
      className="label__lg"
      htmlFor="new-todo-input"
    >
      What needs to be done?
    </label>
  </h2>
  <input
    autoComplete="off"
    className="input input__lg"
    id="new-todo-input"
    name="text"
    onChange={[Function]}
    type="text"
    value=""
  />
  <button
    className="btn btn__primary btn__lg"
    type="submit"
  >
    Add
  </button>
</form>
`;

exports[`Snapshots renders Form correctly 1`] = `
<button
  className="btn toggle-btn"
  onClick={[Function]}
  type="button"
>
  <span
    className="visually-hidden"
  >
    Show 
  </span>
  <span>
     
  </span>
  <span
    className="visually-hidden"
  >
     tasks
  </span>
</button>
`;
